2026-05-27T05:02:04.676118Z  INFO artifacts will be written under /mnt/treasure/ljx/artifacts_ablation_llama_full
2026-05-27T05:02:04.684091Z  INFO [llama_full] padoc-parallel: 1024 ranks, 32 workers
2026-05-27T05:02:25.825033Z  INFO [llama_full] 1/1024 ranks compressed
2026-05-27T05:02:26.866294Z  INFO [llama_full] 8/1024 ranks compressed
2026-05-27T05:02:28.486100Z  INFO [llama_full] 16/1024 ranks compressed
2026-05-27T05:02:29.411157Z  INFO [llama_full] 24/1024 ranks compressed
2026-05-27T05:02:31.151354Z  INFO [llama_full] 32/1024 ranks compressed
2026-05-27T05:02:44.508107Z  INFO [llama_full] 40/1024 ranks compressed
2026-05-27T05:02:45.020522Z  INFO [llama_full] 48/1024 ranks compressed
2026-05-27T05:02:45.433295Z  INFO [llama_full] 56/1024 ranks compressed
2026-05-27T05:02:45.918969Z  INFO [llama_full] 64/1024 ranks compressed
2026-05-27T05:02:46.613033Z  INFO [llama_full] 72/1024 ranks compressed
2026-05-27T05:02:47.691389Z  INFO [llama_full] 80/1024 ranks compressed
2026-05-27T05:02:49.789843Z  INFO [llama_full] 88/1024 ranks compressed
2026-05-27T05:02:51.391470Z  INFO [llama_full] 96/1024 ranks compressed
2026-05-27T05:02:52.221356Z  INFO [llama_full] 104/1024 ranks compressed
2026-05-27T05:02:52.899216Z  INFO [llama_full] 112/1024 ranks compressed
2026-05-27T05:02:53.696125Z  INFO [llama_full] 120/1024 ranks compressed
2026-05-27T05:02:54.196800Z  INFO [llama_full] 128/1024 ranks compressed
2026-05-27T05:02:54.732730Z  INFO [llama_full] 136/1024 ranks compressed
2026-05-27T05:02:55.145037Z  INFO [llama_full] 144/1024 ranks compressed
2026-05-27T05:02:56.039098Z  INFO [llama_full] 152/1024 ranks compressed
2026-05-27T05:02:57.973429Z  INFO [llama_full] 160/1024 ranks compressed
2026-05-27T05:02:59.982515Z  INFO [llama_full] 168/1024 ranks compressed
2026-05-27T05:03:01.666728Z  INFO [llama_full] 176/1024 ranks compressed
2026-05-27T05:03:02.912515Z  INFO [llama_full] 184/1024 ranks compressed
2026-05-27T05:03:04.636068Z  INFO [llama_full] 192/1024 ranks compressed
2026-05-27T05:03:08.022852Z  INFO [llama_full] 200/1024 ranks compressed
2026-05-27T05:03:08.804515Z  INFO [llama_full] 208/1024 ranks compressed
2026-05-27T05:03:09.902407Z  INFO [llama_full] 216/1024 ranks compressed
2026-05-27T05:03:11.488609Z  INFO [llama_full] 224/1024 ranks compressed
2026-05-27T05:03:14.234235Z  INFO [llama_full] 232/1024 ranks compressed
2026-05-27T05:03:15.849577Z  INFO [llama_full] 240/1024 ranks compressed
2026-05-27T05:03:17.325344Z  INFO [llama_full] 248/1024 ranks compressed
2026-05-27T05:03:19.761978Z  INFO [llama_full] 256/1024 ranks compressed
2026-05-27T05:03:23.328074Z  INFO [llama_full] 264/1024 ranks compressed
2026-05-27T05:03:25.801271Z  INFO [llama_full] 272/1024 ranks compressed
2026-05-27T05:03:27.157466Z  INFO [llama_full] 280/1024 ranks compressed
2026-05-27T05:03:29.584896Z  INFO [llama_full] 288/1024 ranks compressed
2026-05-27T05:03:32.000476Z  INFO [llama_full] 296/1024 ranks compressed
2026-05-27T05:03:35.251496Z  INFO [llama_full] 304/1024 ranks compressed
2026-05-27T05:03:36.498043Z  INFO [llama_full] 312/1024 ranks compressed
2026-05-27T05:03:38.283098Z  INFO [llama_full] 320/1024 ranks compressed
2026-05-27T05:03:41.064114Z  INFO [llama_full] 328/1024 ranks compressed
2026-05-27T05:03:44.176461Z  INFO [llama_full] 336/1024 ranks compressed
2026-05-27T05:03:45.016031Z  INFO [llama_full] 344/1024 ranks compressed
2026-05-27T05:03:46.815446Z  INFO [llama_full] 352/1024 ranks compressed
2026-05-27T05:03:49.020457Z  INFO [llama_full] 360/1024 ranks compressed
2026-05-27T05:03:52.729486Z  INFO [llama_full] 368/1024 ranks compressed
2026-05-27T05:03:54.162243Z  INFO [llama_full] 376/1024 ranks compressed
2026-05-27T05:03:55.436069Z  INFO [llama_full] 384/1024 ranks compressed
2026-05-27T05:03:57.221908Z  INFO [llama_full] 392/1024 ranks compressed
2026-05-27T05:03:59.757468Z  INFO [llama_full] 400/1024 ranks compressed
2026-05-27T05:04:00.498455Z  INFO [llama_full] 408/1024 ranks compressed
2026-05-27T05:04:02.013780Z  INFO [llama_full] 416/1024 ranks compressed
2026-05-27T05:04:02.957839Z  INFO [llama_full] 424/1024 ranks compressed
2026-05-27T05:04:04.477640Z  INFO [llama_full] 432/1024 ranks compressed
2026-05-27T05:04:06.121884Z  INFO [llama_full] 440/1024 ranks compressed
2026-05-27T05:04:07.117203Z  INFO [llama_full] 448/1024 ranks compressed
2026-05-27T05:04:08.711187Z  INFO [llama_full] 456/1024 ranks compressed
2026-05-27T05:04:10.239954Z  INFO [llama_full] 464/1024 ranks compressed
2026-05-27T05:04:11.489859Z  INFO [llama_full] 472/1024 ranks compressed
2026-05-27T05:04:12.474586Z  INFO [llama_full] 480/1024 ranks compressed
2026-05-27T05:04:13.555009Z  INFO [llama_full] 488/1024 ranks compressed
2026-05-27T05:04:15.156175Z  INFO [llama_full] 496/1024 ranks compressed
2026-05-27T05:04:16.327861Z  INFO [llama_full] 504/1024 ranks compressed
2026-05-27T05:04:18.014184Z  INFO [llama_full] 512/1024 ranks compressed
2026-05-27T05:04:19.150645Z  INFO [llama_full] 520/1024 ranks compressed
2026-05-27T05:04:20.397503Z  INFO [llama_full] 528/1024 ranks compressed
2026-05-27T05:04:21.920254Z  INFO [llama_full] 536/1024 ranks compressed
2026-05-27T05:04:23.565320Z  INFO [llama_full] 544/1024 ranks compressed
2026-05-27T05:04:25.040803Z  INFO [llama_full] 552/1024 ranks compressed
2026-05-27T05:04:26.693832Z  INFO [llama_full] 560/1024 ranks compressed
2026-05-27T05:04:27.288888Z  INFO [llama_full] 568/1024 ranks compressed
2026-05-27T05:04:28.400986Z  INFO [llama_full] 576/1024 ranks compressed
2026-05-27T05:04:28.868084Z  INFO [llama_full] 584/1024 ranks compressed
2026-05-27T05:04:30.382118Z  INFO [llama_full] 592/1024 ranks compressed
2026-05-27T05:04:31.929515Z  INFO [llama_full] 600/1024 ranks compressed
2026-05-27T05:04:33.972729Z  INFO [llama_full] 608/1024 ranks compressed
2026-05-27T05:04:35.343370Z  INFO [llama_full] 616/1024 ranks compressed
2026-05-27T05:04:36.780256Z  INFO [llama_full] 624/1024 ranks compressed
2026-05-27T05:04:39.131376Z  INFO [llama_full] 632/1024 ranks compressed
2026-05-27T05:04:40.576899Z  INFO [llama_full] 640/1024 ranks compressed
2026-05-27T05:04:41.927621Z  INFO [llama_full] 648/1024 ranks compressed
2026-05-27T05:04:44.750363Z  INFO [llama_full] 656/1024 ranks compressed
2026-05-27T05:04:46.982717Z  INFO [llama_full] 664/1024 ranks compressed
2026-05-27T05:04:47.551987Z  INFO [llama_full] 672/1024 ranks compressed
2026-05-27T05:04:48.111759Z  INFO [llama_full] 680/1024 ranks compressed
2026-05-27T05:04:48.842937Z  INFO [llama_full] 688/1024 ranks compressed
2026-05-27T05:04:50.714588Z  INFO [llama_full] 696/1024 ranks compressed
2026-05-27T05:04:51.640784Z  INFO [llama_full] 704/1024 ranks compressed
2026-05-27T05:04:53.221197Z  INFO [llama_full] 712/1024 ranks compressed
2026-05-27T05:04:54.146448Z  INFO [llama_full] 720/1024 ranks compressed
2026-05-27T05:04:55.919844Z  INFO [llama_full] 728/1024 ranks compressed
2026-05-27T05:04:57.288463Z  INFO [llama_full] 736/1024 ranks compressed
2026-05-27T05:04:58.884148Z  INFO [llama_full] 744/1024 ranks compressed
2026-05-27T05:04:59.808286Z  INFO [llama_full] 752/1024 ranks compressed
2026-05-27T05:05:01.367871Z  INFO [llama_full] 760/1024 ranks compressed
2026-05-27T05:05:02.522978Z  INFO [llama_full] 768/1024 ranks compressed
2026-05-27T05:05:03.921160Z  INFO [llama_full] 776/1024 ranks compressed
2026-05-27T05:05:04.963636Z  INFO [llama_full] 784/1024 ranks compressed
2026-05-27T05:05:06.613315Z  INFO [llama_full] 792/1024 ranks compressed
2026-05-27T05:05:07.920608Z  INFO [llama_full] 800/1024 ranks compressed
2026-05-27T05:05:09.493447Z  INFO [llama_full] 808/1024 ranks compressed
2026-05-27T05:05:10.359595Z  INFO [llama_full] 816/1024 ranks compressed
2026-05-27T05:05:12.102143Z  INFO [llama_full] 824/1024 ranks compressed
2026-05-27T05:05:13.713860Z  INFO [llama_full] 832/1024 ranks compressed
2026-05-27T05:05:15.032075Z  INFO [llama_full] 840/1024 ranks compressed
2026-05-27T05:05:15.827109Z  INFO [llama_full] 848/1024 ranks compressed
2026-05-27T05:05:17.869525Z  INFO [llama_full] 856/1024 ranks compressed
2026-05-27T05:05:19.642095Z  INFO [llama_full] 864/1024 ranks compressed
2026-05-27T05:05:20.825117Z  INFO [llama_full] 872/1024 ranks compressed
2026-05-27T05:05:21.940327Z  INFO [llama_full] 880/1024 ranks compressed
2026-05-27T05:05:23.239303Z  INFO [llama_full] 888/1024 ranks compressed
2026-05-27T05:05:24.850375Z  INFO [llama_full] 896/1024 ranks compressed
2026-05-27T05:05:26.164496Z  INFO [llama_full] 904/1024 ranks compressed
2026-05-27T05:05:27.663479Z  INFO [llama_full] 912/1024 ranks compressed
2026-05-27T05:05:28.720218Z  INFO [llama_full] 920/1024 ranks compressed
2026-05-27T05:05:29.349723Z  INFO [llama_full] 928/1024 ranks compressed
2026-05-27T05:05:30.288798Z  INFO [llama_full] 936/1024 ranks compressed
2026-05-27T05:05:31.358578Z  INFO [llama_full] 944/1024 ranks compressed
2026-05-27T05:05:33.325253Z  INFO [llama_full] 952/1024 ranks compressed
2026-05-27T05:05:34.160514Z  INFO [llama_full] 960/1024 ranks compressed
2026-05-27T05:05:35.220589Z  INFO [llama_full] 968/1024 ranks compressed
2026-05-27T05:05:35.865072Z  INFO [llama_full] 976/1024 ranks compressed
2026-05-27T05:05:36.845730Z  INFO [llama_full] 984/1024 ranks compressed
2026-05-27T05:05:38.325691Z  INFO [llama_full] 992/1024 ranks compressed
2026-05-27T05:05:40.244185Z  INFO [llama_full] 1000/1024 ranks compressed
2026-05-27T05:05:41.630965Z  INFO [llama_full] 1008/1024 ranks compressed
2026-05-27T05:05:42.111031Z  INFO [llama_full] 1016/1024 ranks compressed
2026-05-27T05:05:42.614026Z  INFO [llama_full] 1024/1024 ranks compressed
2026-05-27T05:11:19.236912Z  INFO [llama_full] saved padoc artifact -> /mnt/treasure/ljx/artifacts_ablation_llama_full/llama_full.padoc_no_structural.zst (2757506834 bytes)
2026-05-27T05:11:19.237088Z  INFO [llama_full] padoc-parallel done: parallel=218.26s merge=234.39s serialize=101.90s total=554.55s ratio=27.24x
